<?xml version="1.0" encoding="UTF-8"?>
<TestRun id="63a6e69e-8205-47b3-a118-6c06ac6873f9" name="TEAMIE@TEAMIE-PC 2012-05-05 14:27:51" runUser="TEAMIE-PC\TEAMIE" xmlns="http://microsoft.com/schemas/VisualStudio/TeamTest/2010">
  <TestSettings name="Default Test Settings" id="ac41fcb2-c2f9-4fd9-89c7-257380159db6">
    <Deployment runDeploymentRoot="TEAMIE_TEAMIE-PC 2012-05-05 14_27_51">
      <DeploymentItem filename="C:\subu\Mtech\Dot.Net\movie-ticket-booking-system\trunk\Booking\bin\MovieBooking.MVC.UI.dll" />
    </Deployment>
    <Execution>
      <TestTypeSpecific />
      <AgentRule name="Execution Agents">
      </AgentRule>
    </Execution>
  </TestSettings>
  <Times creation="2012-05-05T14:27:51.8946257+08:00" queuing="2012-05-05T14:28:26.9236293+08:00" start="2012-05-05T14:28:27.3056511+08:00" finish="2012-05-05T14:28:38.6392993+08:00" />
  <ResultSummary outcome="Completed">
    <Counters total="2" executed="2" passed="2" error="0" failed="0" timeout="0" aborted="0" inconclusive="0" passedButRunAborted="0" notRunnable="0" notExecuted="0" disconnected="0" warning="0" completed="0" inProgress="0" pending="0" />
  </ResultSummary>
  <TestDefinitions>
    <UnitTest name="About" storage="c:\subu\mtech\dot.net\movie-ticket-booking-system\trunk\booking.tests\bin\debug\moviebooking.tests.dll" id="539a55d7-d88c-f3c7-be1a-3eac0a3a729d">
      <Execution id="4df6ac00-0c4b-4c55-8863-cd3dceb04509" />
      <TestMethod codeBase="C:/subu/Mtech/Dot.Net/movie-ticket-booking-system/trunk/Booking.Tests/bin/Debug/MovieBooking.Tests.DLL" adapterTypeName="Microsoft.VisualStudio.TestTools.TestTypes.Unit.UnitTestAdapter, Microsoft.VisualStudio.QualityTools.Tips.UnitTest.Adapter, Version=10.0.0.0, Culture=neutral, PublicKeyToken=b03f5f7f11d50a3a" className="MovieBooking.Tests.Controllers.HomeControllerTest, MovieBooking.Tests, Version=1.0.0.0, Culture=neutral, PublicKeyToken=null" name="About" />
    </UnitTest>
    <UnitTest name="Index" storage="c:\subu\mtech\dot.net\movie-ticket-booking-system\trunk\booking.tests\bin\debug\moviebooking.tests.dll" id="7c69bd98-4dd6-a3cb-846e-559f5c755288">
      <Execution id="20cf79fd-7481-4175-af76-c0ad7ee266ab" />
      <TestMethod codeBase="C:/subu/Mtech/Dot.Net/movie-ticket-booking-system/trunk/Booking.Tests/bin/Debug/MovieBooking.Tests.DLL" adapterTypeName="Microsoft.VisualStudio.TestTools.TestTypes.Unit.UnitTestAdapter, Microsoft.VisualStudio.QualityTools.Tips.UnitTest.Adapter, Version=10.0.0.0, Culture=neutral, PublicKeyToken=b03f5f7f11d50a3a" className="MovieBooking.Tests.Controllers.HomeControllerTest, MovieBooking.Tests, Version=1.0.0.0, Culture=neutral, PublicKeyToken=null" name="Index" />
    </UnitTest>
  </TestDefinitions>
  <TestLists>
    <TestList name="Results Not in a List" id="8c84fa94-04c1-424b-9868-57a2d4851a1d" />
    <TestList name="All Loaded Results" id="19431567-8539-422a-85d7-44ee4e166bda" />
  </TestLists>
  <TestEntries>
    <TestEntry testId="7c69bd98-4dd6-a3cb-846e-559f5c755288" executionId="20cf79fd-7481-4175-af76-c0ad7ee266ab" testListId="8c84fa94-04c1-424b-9868-57a2d4851a1d" />
    <TestEntry testId="539a55d7-d88c-f3c7-be1a-3eac0a3a729d" executionId="4df6ac00-0c4b-4c55-8863-cd3dceb04509" testListId="8c84fa94-04c1-424b-9868-57a2d4851a1d" />
  </TestEntries>
  <Results>
    <UnitTestResult executionId="20cf79fd-7481-4175-af76-c0ad7ee266ab" testId="7c69bd98-4dd6-a3cb-846e-559f5c755288" testName="Index" computerName="TEAMIE-PC" duration="00:00:07.2493266" startTime="2012-05-05T14:28:27.9006851+08:00" endTime="2012-05-05T14:28:38.1432710+08:00" testType="13cdc9d9-ddb5-4fa4-a97d-d965ccfc6d4b" outcome="Passed" testListId="8c84fa94-04c1-424b-9868-57a2d4851a1d" relativeResultsDirectory="20cf79fd-7481-4175-af76-c0ad7ee266ab">
    </UnitTestResult>
    <UnitTestResult executionId="4df6ac00-0c4b-4c55-8863-cd3dceb04509" testId="539a55d7-d88c-f3c7-be1a-3eac0a3a729d" testName="About" computerName="TEAMIE-PC" duration="00:00:00.0004532" startTime="2012-05-05T14:28:38.3322818+08:00" endTime="2012-05-05T14:28:38.3512829+08:00" testType="13cdc9d9-ddb5-4fa4-a97d-d965ccfc6d4b" outcome="Passed" testListId="8c84fa94-04c1-424b-9868-57a2d4851a1d" relativeResultsDirectory="4df6ac00-0c4b-4c55-8863-cd3dceb04509">
    </UnitTestResult>
  </Results>
</TestRun>